Archive member included because of file (symbol)

e:/imt mansoura/drive/01- imt sdk/imt_sdk_win_64/winavr/bin/../lib/gcc/avr/4.3.3/avr5\libgcc.a(_mulsi3.o)
                              ./HAL/LCD/LCD_Prog.o (__mulsi3)
e:/imt mansoura/drive/01- imt sdk/imt_sdk_win_64/winavr/bin/../lib/gcc/avr/4.3.3/avr5\libgcc.a(_udivmodqi4.o)
                              ./HAL/SSG/SSG_Prog.o (__udivmodqi4)
e:/imt mansoura/drive/01- imt sdk/imt_sdk_win_64/winavr/bin/../lib/gcc/avr/4.3.3/avr5\libgcc.a(_divmodsi4.o)
                              ./HAL/LCD/LCD_Prog.o (__divmodsi4)
e:/imt mansoura/drive/01- imt sdk/imt_sdk_win_64/winavr/bin/../lib/gcc/avr/4.3.3/avr5\libgcc.a(_exit.o)
                              e:/imt mansoura/drive/01- imt sdk/imt_sdk_win_64/winavr/bin/../lib/gcc/avr/4.3.3/../../../../avr/lib/avr5/crtm32.o (exit)
e:/imt mansoura/drive/01- imt sdk/imt_sdk_win_64/winavr/bin/../lib/gcc/avr/4.3.3/avr5\libgcc.a(_copy_data.o)
                              ./HAL/SSG/SSG_Prog.o (__do_copy_data)
e:/imt mansoura/drive/01- imt sdk/imt_sdk_win_64/winavr/bin/../lib/gcc/avr/4.3.3/avr5\libgcc.a(_clear_bss.o)
                              ./HAL/SSG/SSG_Prog.o (__do_clear_bss)
e:/imt mansoura/drive/01- imt sdk/imt_sdk_win_64/winavr/bin/../lib/gcc/avr/4.3.3/avr5\libgcc.a(_udivmodsi4.o)
                              e:/imt mansoura/drive/01- imt sdk/imt_sdk_win_64/winavr/bin/../lib/gcc/avr/4.3.3/avr5\libgcc.a(_divmodsi4.o) (__udivmodsi4)

Memory Configuration

Name             Origin             Length             Attributes
text             0x00000000         0x00020000         xr
data             0x00800060         0x0000ffa0         rw !x
eeprom           0x00810000         0x00010000         rw !x
fuse             0x00820000         0x00000400         rw !x
lock             0x00830000         0x00000400         rw !x
signature        0x00840000         0x00000400         rw !x
*default*        0x00000000         0xffffffff

Linker script and memory map

LOAD e:/imt mansoura/drive/01- imt sdk/imt_sdk_win_64/winavr/bin/../lib/gcc/avr/4.3.3/../../../../avr/lib/avr5/crtm32.o
LOAD ./MCAL/PORT_Driver/PORT_Prog.o
LOAD ./MCAL/DIO_Driver/DIO_Prog.o
LOAD ./HAL/SSG/SSG_Prog.o
LOAD ./HAL/LCD/LCD_Prog.o
LOAD ./HAL/KEYPAD/KPD_Prog.o
LOAD ./APP/main.o
LOAD e:/imt mansoura/drive/01- imt sdk/imt_sdk_win_64/winavr/bin/../lib/gcc/avr/4.3.3/avr5\libgcc.a
LOAD e:/imt mansoura/drive/01- imt sdk/imt_sdk_win_64/winavr/bin/../lib/gcc/avr/4.3.3/../../../../avr/lib/avr5\libc.a
LOAD e:/imt mansoura/drive/01- imt sdk/imt_sdk_win_64/winavr/bin/../lib/gcc/avr/4.3.3/avr5\libgcc.a

.hash
 *(.hash)

.dynsym
 *(.dynsym)

.dynstr
 *(.dynstr)

.gnu.version
 *(.gnu.version)

.gnu.version_d
 *(.gnu.version_d)

.gnu.version_r
 *(.gnu.version_r)

.rel.init
 *(.rel.init)

.rela.init
 *(.rela.init)

.rel.text
 *(.rel.text)
 *(.rel.text.*)
 *(.rel.gnu.linkonce.t*)

.rela.text
 *(.rela.text)
 *(.rela.text.*)
 *(.rela.gnu.linkonce.t*)

.rel.fini
 *(.rel.fini)

.rela.fini
 *(.rela.fini)

.rel.rodata
 *(.rel.rodata)
 *(.rel.rodata.*)
 *(.rel.gnu.linkonce.r*)

.rela.rodata
 *(.rela.rodata)
 *(.rela.rodata.*)
 *(.rela.gnu.linkonce.r*)

.rel.data
 *(.rel.data)
 *(.rel.data.*)
 *(.rel.gnu.linkonce.d*)

.rela.data
 *(.rela.data)
 *(.rela.data.*)
 *(.rela.gnu.linkonce.d*)

.rel.ctors
 *(.rel.ctors)

.rela.ctors
 *(.rela.ctors)

.rel.dtors
 *(.rel.dtors)

.rela.dtors
 *(.rela.dtors)

.rel.got
 *(.rel.got)

.rela.got
 *(.rela.got)

.rel.bss
 *(.rel.bss)

.rela.bss
 *(.rela.bss)

.rel.plt
 *(.rel.plt)

.rela.plt
 *(.rela.plt)

.text           0x00000000      0xc66
 *(.vectors)
 .vectors       0x00000000       0x54 e:/imt mansoura/drive/01- imt sdk/imt_sdk_win_64/winavr/bin/../lib/gcc/avr/4.3.3/../../../../avr/lib/avr5/crtm32.o
                0x00000000                __vectors
                0x00000000                __vector_default
 *(.vectors)
 *(.progmem.gcc*)
 *(.progmem*)
                0x00000054                . = ALIGN (0x2)
                0x00000054                __trampolines_start = .
 *(.trampolines)
 .trampolines   0x00000054        0x0 linker stubs
 *(.trampolines*)
                0x00000054                __trampolines_end = .
 *(.jumptables)
 *(.jumptables*)
 *(.lowtext)
 *(.lowtext*)
                0x00000054                __ctors_start = .
 *(.ctors)
                0x00000054                __ctors_end = .
                0x00000054                __dtors_start = .
 *(.dtors)
                0x00000054                __dtors_end = .
 SORT(*)(.ctors)
 SORT(*)(.dtors)
 *(.init0)
 .init0         0x00000054        0x0 e:/imt mansoura/drive/01- imt sdk/imt_sdk_win_64/winavr/bin/../lib/gcc/avr/4.3.3/../../../../avr/lib/avr5/crtm32.o
                0x00000054                __init
 *(.init0)
 *(.init1)
 *(.init1)
 *(.init2)
 .init2         0x00000054        0xc e:/imt mansoura/drive/01- imt sdk/imt_sdk_win_64/winavr/bin/../lib/gcc/avr/4.3.3/../../../../avr/lib/avr5/crtm32.o
 *(.init2)
 *(.init3)
 *(.init3)
 *(.init4)
 .init4         0x00000060       0x16 e:/imt mansoura/drive/01- imt sdk/imt_sdk_win_64/winavr/bin/../lib/gcc/avr/4.3.3/avr5\libgcc.a(_copy_data.o)
                0x00000060                __do_copy_data
 .init4         0x00000076       0x10 e:/imt mansoura/drive/01- imt sdk/imt_sdk_win_64/winavr/bin/../lib/gcc/avr/4.3.3/avr5\libgcc.a(_clear_bss.o)
                0x00000076                __do_clear_bss
 *(.init4)
 *(.init5)
 *(.init5)
 *(.init6)
 *(.init6)
 *(.init7)
 *(.init7)
 *(.init8)
 *(.init8)
 *(.init9)
 .init9         0x00000086        0x8 e:/imt mansoura/drive/01- imt sdk/imt_sdk_win_64/winavr/bin/../lib/gcc/avr/4.3.3/../../../../avr/lib/avr5/crtm32.o
 *(.init9)
 *(.text)
 .text          0x0000008e        0x4 e:/imt mansoura/drive/01- imt sdk/imt_sdk_win_64/winavr/bin/../lib/gcc/avr/4.3.3/../../../../avr/lib/avr5/crtm32.o
                0x0000008e                __vector_1
                0x0000008e                __vector_12
                0x0000008e                __bad_interrupt
                0x0000008e                __vector_6
                0x0000008e                __vector_3
                0x0000008e                __vector_11
                0x0000008e                __vector_13
                0x0000008e                __vector_17
                0x0000008e                __vector_19
                0x0000008e                __vector_7
                0x0000008e                __vector_5
                0x0000008e                __vector_4
                0x0000008e                __vector_9
                0x0000008e                __vector_2
                0x0000008e                __vector_15
                0x0000008e                __vector_8
                0x0000008e                __vector_14
                0x0000008e                __vector_10
                0x0000008e                __vector_16
                0x0000008e                __vector_18
                0x0000008e                __vector_20
 .text          0x00000092        0x0 ./MCAL/PORT_Driver/PORT_Prog.o
 .text          0x00000092        0x0 ./MCAL/DIO_Driver/DIO_Prog.o
 .text          0x00000092        0x0 ./HAL/SSG/SSG_Prog.o
 .text          0x00000092        0x0 ./HAL/LCD/LCD_Prog.o
 .text          0x00000092        0x0 ./HAL/KEYPAD/KPD_Prog.o
 .text          0x00000092        0x0 ./APP/main.o
 .text          0x00000092        0x0 e:/imt mansoura/drive/01- imt sdk/imt_sdk_win_64/winavr/bin/../lib/gcc/avr/4.3.3/avr5\libgcc.a(_mulsi3.o)
 .text          0x00000092        0x0 e:/imt mansoura/drive/01- imt sdk/imt_sdk_win_64/winavr/bin/../lib/gcc/avr/4.3.3/avr5\libgcc.a(_udivmodqi4.o)
 .text          0x00000092        0x0 e:/imt mansoura/drive/01- imt sdk/imt_sdk_win_64/winavr/bin/../lib/gcc/avr/4.3.3/avr5\libgcc.a(_divmodsi4.o)
 .text          0x00000092        0x0 e:/imt mansoura/drive/01- imt sdk/imt_sdk_win_64/winavr/bin/../lib/gcc/avr/4.3.3/avr5\libgcc.a(_exit.o)
 .text          0x00000092        0x0 e:/imt mansoura/drive/01- imt sdk/imt_sdk_win_64/winavr/bin/../lib/gcc/avr/4.3.3/avr5\libgcc.a(_copy_data.o)
 .text          0x00000092        0x0 e:/imt mansoura/drive/01- imt sdk/imt_sdk_win_64/winavr/bin/../lib/gcc/avr/4.3.3/avr5\libgcc.a(_clear_bss.o)
 .text          0x00000092        0x0 e:/imt mansoura/drive/01- imt sdk/imt_sdk_win_64/winavr/bin/../lib/gcc/avr/4.3.3/avr5\libgcc.a(_udivmodsi4.o)
                0x00000092                . = ALIGN (0x2)
 *(.text.*)
 .text.PORT_voidInit
                0x00000092       0x18 ./MCAL/PORT_Driver/PORT_Prog.o
                0x00000092                PORT_voidInit
 .text.DIO_u8SetPortDirection
                0x000000aa       0x2e ./MCAL/DIO_Driver/DIO_Prog.o
                0x000000aa                DIO_u8SetPortDirection
 .text.DIO_u8SetPortValue
                0x000000d8       0x2e ./MCAL/DIO_Driver/DIO_Prog.o
                0x000000d8                DIO_u8SetPortValue
 .text.DIO_u8GetPortValue
                0x00000106       0x2a ./MCAL/DIO_Driver/DIO_Prog.o
                0x00000106                DIO_u8GetPortValue
 .text.DIO_u8SetPinDirection
                0x00000130      0x102 ./MCAL/DIO_Driver/DIO_Prog.o
                0x00000130                DIO_u8SetPinDirection
 .text.DIO_u8SetPinValue
                0x00000232      0x102 ./MCAL/DIO_Driver/DIO_Prog.o
                0x00000232                DIO_u8SetPinValue
 .text.DIO_u8GetPinValue
                0x00000334       0x46 ./MCAL/DIO_Driver/DIO_Prog.o
                0x00000334                DIO_u8GetPinValue
 .text.SSG_ON   0x0000037a      0x122 ./HAL/SSG/SSG_Prog.o
                0x0000037a                SSG_ON
 .text.Sev_Multi
                0x0000049c      0x1f6 ./HAL/SSG/SSG_Prog.o
                0x0000049c                Sev_Multi
 .text.SSG_Mult
                0x00000692      0x218 ./HAL/SSG/SSG_Prog.o
                0x00000692                SSG_Mult
 .text.LCD_voidSendData
                0x000008aa       0x42 ./HAL/LCD/LCD_Prog.o
                0x000008aa                LCD_voidSendData
 .text.LCD_voidWriteNumber
                0x000008ec       0xf6 ./HAL/LCD/LCD_Prog.o
                0x000008ec                LCD_voidWriteNumber
 .text.LCD_voidSendString
                0x000009e2       0x26 ./HAL/LCD/LCD_Prog.o
                0x000009e2                LCD_voidSendString
 .text.LCD_voidSendCommand
                0x00000a08       0x42 ./HAL/LCD/LCD_Prog.o
                0x00000a08                LCD_voidSendCommand
 .text.LCD_voidClearLCD
                0x00000a4a        0x8 ./HAL/LCD/LCD_Prog.o
                0x00000a4a                LCD_voidClearLCD
 .text.LCD_voidGoToXY
                0x00000a52       0x18 ./HAL/LCD/LCD_Prog.o
                0x00000a52                LCD_voidGoToXY
 .text.LCD_void_Init
                0x00000a6a       0x50 ./HAL/LCD/LCD_Prog.o
                0x00000a6a                LCD_void_Init
 .text.KPD_u8GetPressedKey
                0x00000aba       0xae ./HAL/KEYPAD/KPD_Prog.o
                0x00000aba                KPD_u8GetPressedKey
 .text.main     0x00000b68       0x2a ./APP/main.o
                0x00000b68                main
 .text.libgcc   0x00000b92       0x3e e:/imt mansoura/drive/01- imt sdk/imt_sdk_win_64/winavr/bin/../lib/gcc/avr/4.3.3/avr5\libgcc.a(_mulsi3.o)
                0x00000b92                __mulsi3
 .text.libgcc   0x00000bd0       0x18 e:/imt mansoura/drive/01- imt sdk/imt_sdk_win_64/winavr/bin/../lib/gcc/avr/4.3.3/avr5\libgcc.a(_udivmodqi4.o)
                0x00000bd0                __udivmodqi4
 .text.libgcc   0x00000be8       0x36 e:/imt mansoura/drive/01- imt sdk/imt_sdk_win_64/winavr/bin/../lib/gcc/avr/4.3.3/avr5\libgcc.a(_divmodsi4.o)
                0x00000be8                __divmodsi4
 .text.libgcc   0x00000c1e        0x0 e:/imt mansoura/drive/01- imt sdk/imt_sdk_win_64/winavr/bin/../lib/gcc/avr/4.3.3/avr5\libgcc.a(_exit.o)
 .text.libgcc   0x00000c1e        0x0 e:/imt mansoura/drive/01- imt sdk/imt_sdk_win_64/winavr/bin/../lib/gcc/avr/4.3.3/avr5\libgcc.a(_copy_data.o)
 .text.libgcc   0x00000c1e        0x0 e:/imt mansoura/drive/01- imt sdk/imt_sdk_win_64/winavr/bin/../lib/gcc/avr/4.3.3/avr5\libgcc.a(_clear_bss.o)
 .text.libgcc   0x00000c1e       0x44 e:/imt mansoura/drive/01- imt sdk/imt_sdk_win_64/winavr/bin/../lib/gcc/avr/4.3.3/avr5\libgcc.a(_udivmodsi4.o)
                0x00000c1e                __udivmodsi4
                0x00000c62                . = ALIGN (0x2)
 *(.fini9)
 .fini9         0x00000c62        0x0 e:/imt mansoura/drive/01- imt sdk/imt_sdk_win_64/winavr/bin/../lib/gcc/avr/4.3.3/avr5\libgcc.a(_exit.o)
                0x00000c62                exit
                0x00000c62                _exit
 *(.fini9)
 *(.fini8)
 *(.fini8)
 *(.fini7)
 *(.fini7)
 *(.fini6)
 *(.fini6)
 *(.fini5)
 *(.fini5)
 *(.fini4)
 *(.fini4)
 *(.fini3)
 *(.fini3)
 *(.fini2)
 *(.fini2)
 *(.fini1)
 *(.fini1)
 *(.fini0)
 .fini0         0x00000c62        0x4 e:/imt mansoura/drive/01- imt sdk/imt_sdk_win_64/winavr/bin/../lib/gcc/avr/4.3.3/avr5\libgcc.a(_exit.o)
 *(.fini0)
                0x00000c66                _etext = .

.data           0x00800060       0x3c load address 0x00000c66
                0x00800060                PROVIDE (__data_start, .)
 *(.data)
 .data          0x00800060        0x0 e:/imt mansoura/drive/01- imt sdk/imt_sdk_win_64/winavr/bin/../lib/gcc/avr/4.3.3/../../../../avr/lib/avr5/crtm32.o
 .data          0x00800060        0x0 ./MCAL/PORT_Driver/PORT_Prog.o
 .data          0x00800060        0x0 ./MCAL/DIO_Driver/DIO_Prog.o
 .data          0x00800060        0x0 ./HAL/SSG/SSG_Prog.o
 .data          0x00800060        0x0 ./HAL/LCD/LCD_Prog.o
 .data          0x00800060        0x0 ./HAL/KEYPAD/KPD_Prog.o
 .data          0x00800060        0x0 ./APP/main.o
 .data          0x00800060        0x0 e:/imt mansoura/drive/01- imt sdk/imt_sdk_win_64/winavr/bin/../lib/gcc/avr/4.3.3/avr5\libgcc.a(_mulsi3.o)
 .data          0x00800060        0x0 e:/imt mansoura/drive/01- imt sdk/imt_sdk_win_64/winavr/bin/../lib/gcc/avr/4.3.3/avr5\libgcc.a(_udivmodqi4.o)
 .data          0x00800060        0x0 e:/imt mansoura/drive/01- imt sdk/imt_sdk_win_64/winavr/bin/../lib/gcc/avr/4.3.3/avr5\libgcc.a(_divmodsi4.o)
 .data          0x00800060        0x0 e:/imt mansoura/drive/01- imt sdk/imt_sdk_win_64/winavr/bin/../lib/gcc/avr/4.3.3/avr5\libgcc.a(_exit.o)
 .data          0x00800060        0x0 e:/imt mansoura/drive/01- imt sdk/imt_sdk_win_64/winavr/bin/../lib/gcc/avr/4.3.3/avr5\libgcc.a(_copy_data.o)
 .data          0x00800060        0x0 e:/imt mansoura/drive/01- imt sdk/imt_sdk_win_64/winavr/bin/../lib/gcc/avr/4.3.3/avr5\libgcc.a(_clear_bss.o)
 .data          0x00800060        0x0 e:/imt mansoura/drive/01- imt sdk/imt_sdk_win_64/winavr/bin/../lib/gcc/avr/4.3.3/avr5\libgcc.a(_udivmodsi4.o)
 *(.data*)
 .data.SevenSegCath
                0x00800060        0xa ./HAL/SSG/SSG_Prog.o
                0x00800060                SevenSegCath
 .data.SevenSegAnode
                0x0080006a        0xa ./HAL/SSG/SSG_Prog.o
                0x0080006a                SevenSegAnode
 .data.Arr_DecToSeg
                0x00800074        0xa ./HAL/SSG/SSG_Prog.o
                0x00800074                Arr_DecToSeg
 .data.SSG_Num  0x0080007e        0xa ./APP/main.o
                0x0080007e                SSG_Num
 *(.rodata)
 *(.rodata*)
 .rodata.Local_u8KPDArr
                0x00800088       0x10 ./HAL/KEYPAD/KPD_Prog.o
                0x00800088                Local_u8KPDArr
 .rodata.Local_u8KPDColumnArr.1215
                0x00800098        0x4 ./HAL/KEYPAD/KPD_Prog.o
 *(.gnu.linkonce.d*)
                0x0080009c                . = ALIGN (0x2)
                0x0080009c                _edata = .
                0x0080009c                PROVIDE (__data_end, .)

.bss            0x0080009c        0x2
                0x0080009c                PROVIDE (__bss_start, .)
 *(.bss)
 .bss           0x0080009c        0x0 e:/imt mansoura/drive/01- imt sdk/imt_sdk_win_64/winavr/bin/../lib/gcc/avr/4.3.3/../../../../avr/lib/avr5/crtm32.o
 .bss           0x0080009c        0x0 ./MCAL/PORT_Driver/PORT_Prog.o
 .bss           0x0080009c        0x0 ./MCAL/DIO_Driver/DIO_Prog.o
 .bss           0x0080009c        0x0 ./HAL/SSG/SSG_Prog.o
 .bss           0x0080009c        0x0 ./HAL/LCD/LCD_Prog.o
 .bss           0x0080009c        0x0 ./HAL/KEYPAD/KPD_Prog.o
 .bss           0x0080009c        0x0 ./APP/main.o
 .bss           0x0080009c        0x0 e:/imt mansoura/drive/01- imt sdk/imt_sdk_win_64/winavr/bin/../lib/gcc/avr/4.3.3/avr5\libgcc.a(_mulsi3.o)
 .bss           0x0080009c        0x0 e:/imt mansoura/drive/01- imt sdk/imt_sdk_win_64/winavr/bin/../lib/gcc/avr/4.3.3/avr5\libgcc.a(_udivmodqi4.o)
 .bss           0x0080009c        0x0 e:/imt mansoura/drive/01- imt sdk/imt_sdk_win_64/winavr/bin/../lib/gcc/avr/4.3.3/avr5\libgcc.a(_divmodsi4.o)
 .bss           0x0080009c        0x0 e:/imt mansoura/drive/01- imt sdk/imt_sdk_win_64/winavr/bin/../lib/gcc/avr/4.3.3/avr5\libgcc.a(_exit.o)
 .bss           0x0080009c        0x0 e:/imt mansoura/drive/01- imt sdk/imt_sdk_win_64/winavr/bin/../lib/gcc/avr/4.3.3/avr5\libgcc.a(_copy_data.o)
 .bss           0x0080009c        0x0 e:/imt mansoura/drive/01- imt sdk/imt_sdk_win_64/winavr/bin/../lib/gcc/avr/4.3.3/avr5\libgcc.a(_clear_bss.o)
 .bss           0x0080009c        0x0 e:/imt mansoura/drive/01- imt sdk/imt_sdk_win_64/winavr/bin/../lib/gcc/avr/4.3.3/avr5\libgcc.a(_udivmodsi4.o)
 *(.bss*)
 .bss.ones      0x0080009c        0x1 ./HAL/SSG/SSG_Prog.o
                0x0080009c                ones
 .bss.tens      0x0080009d        0x1 ./HAL/SSG/SSG_Prog.o
                0x0080009d                tens
 *(COMMON)
                0x0080009e                PROVIDE (__bss_end, .)
                0x00000c66                __data_load_start = LOADADDR (.data)
                0x00000ca2                __data_load_end = (__data_load_start + SIZEOF (.data))

.noinit         0x0080009e        0x0
                0x0080009e                PROVIDE (__noinit_start, .)
 *(.noinit*)
                0x0080009e                PROVIDE (__noinit_end, .)
                0x0080009e                _end = .
                0x0080009e                PROVIDE (__heap_start, .)

.eeprom         0x00810000        0x0
 *(.eeprom*)
                0x00810000                __eeprom_end = .

.fuse
 *(.fuse)
 *(.lfuse)
 *(.hfuse)
 *(.efuse)

.lock
 *(.lock*)

.signature
 *(.signature*)

.stab
 *(.stab)

.stabstr
 *(.stabstr)

.stab.excl
 *(.stab.excl)

.stab.exclstr
 *(.stab.exclstr)

.stab.index
 *(.stab.index)

.stab.indexstr
 *(.stab.indexstr)

.comment
 *(.comment)

.debug
 *(.debug)

.line
 *(.line)

.debug_srcinfo
 *(.debug_srcinfo)

.debug_sfnames
 *(.debug_sfnames)

.debug_aranges
 *(.debug_aranges)

.debug_pubnames
 *(.debug_pubnames)

.debug_info
 *(.debug_info)
 *(.gnu.linkonce.wi.*)

.debug_abbrev
 *(.debug_abbrev)

.debug_line
 *(.debug_line)

.debug_frame
 *(.debug_frame)

.debug_str
 *(.debug_str)

.debug_loc
 *(.debug_loc)

.debug_macinfo
 *(.debug_macinfo)
OUTPUT(AVR_Drivers_Luminus.elf elf32-avr)
LOAD linker stubs
